[vectorbt.pro/pvt_41531c19/tutorials/index.html]
[vectorbt.pro/pvt_41531c19/cookbook/index.html]
[vectorbt.pro/pvt_41531c19/documentation/index.html]
[vectorbt.pro/pvt_41531c19/api/index.html]
[backblue.gif]
[fade.gif]
[index.html]
[vectorbt.pro/pvt_41531c19/features/index.html]
[vectorbt.pro/pvt_41531c19/tutorials/index.html]
[vectorbt.pro/pvt_41531c19/documentation/index.html]
[vectorbt.pro/pvt_41531c19/cookbook/index.html]
[vectorbt.pro/pvt_41531c19/documentation/overview/index.html]
[vectorbt.pro/pvt_41531c19/cookbook/overview/index.html]
[vectorbt.pro/pvt_41531c19/tutorials/overview/index.html]
[vectorbt.pro/pvt_41531c19/cookbook/signals/index.html]
[vectorbt.pro/pvt_41531c19/api/_dtypes/index.html]
[vectorbt.pro/pvt_41531c19/assets/logo/favicon.png]
[www.googletagmanager.com/gtag/jsc6c8]
[vectorbt.pro/pvt_41531c19/api/index.html]
[vectorbt.pro/pvt_41531c19/features/overview/index.html]
[vectorbt.pro/pvt_41531c19/tutorials/overview/index.html]
[vectorbt.pro/pvt_41531c19/assets/stylesheets/custom-light.css]
[vectorbt.pro/pvt_41531c19/documentation/overview/index.html]
[vectorbt.pro/pvt_41531c19/assets/stylesheets/custom-dark.css]
[vectorbt.pro/pvt_41531c19/cookbook/overview/index.html]
[vectorbt.pro/pvt_41531c19/assets/stylesheets/pygments-dark.css]
[vectorbt.pro/pvt_41531c19/cookbook/signals/index.html]
[vectorbt.pro/pvt_41531c19/tutorials/basic-rsi/index.html]
[vectorbt.pro/pvt_41531c19/api/_dtypes/index.html]
[vectorbt.pro/pvt_41531c19/tutorials/to-be-continued/index.html]
[vectorbt.pro/pvt_41531c19/documentation/fundamentals/index.html]
[vectorbt.pro/pvt_41531c19/assets/stylesheets/main.010a373c.min.css]
[vectorbt.pro/pvt_41531c19/documentation/to-be-continued/index.html]
[vectorbt.pro/pvt_41531c19/cookbook/arrays/index.html]
[vectorbt.pro/pvt_41531c19/assets/stylesheets/palette.ab4e12ef.min.css]
[vectorbt.pro/pvt_41531c19/cookbook/portfolio/index.html]
[vectorbt.pro/pvt_41531c19/api/_opt_deps/index.html]
[fonts.gstatic.com/index.html]
[fonts.gstatic.com/s/roboto/v50/KFOKCnqEu92Fr1Mu53ZEC9_Vu3r1gIhOszmOClHrs6ljXfMMLt_QuAj-lg.ttf]
[fonts.gstatic.com/s/roboto/v50/KFOKCnqEu92Fr1Mu53ZEC9_Vu3r1gIhOszmOClHrs6ljXfMMLoHQuAj-lg.ttf]
[fonts.gstatic.com/s/roboto/v50/KFOKCnqEu92Fr1Mu53ZEC9_Vu3r1gIhOszmOClHrs6ljXfMMLmbXuAj-lg.ttf]
[fonts.gstatic.com/s/roboto/v50/KFOMCnqEu92Fr1ME7kSn66aGLdTylUAMQXC89YmC2DPNWuaabVmUiA8.ttf]
[fonts.gstatic.com/s/roboto/v50/KFOMCnqEu92Fr1ME7kSn66aGLdTylUAMQXC89YmC2DPNWubEbVmUiA8.ttf]
[fonts.gstatic.com/s/roboto/v50/KFOMCnqEu92Fr1ME7kSn66aGLdTylUAMQXC89YmC2DPNWuYjalmUiA8.ttf]
[fonts.gstatic.com/s/robotomono/v31/L0xoDF4xlVMF-BfR8bXMIjhOsXG-q2oeuFoqFrlnANW6Cpw.ttf]
[fonts.gstatic.com/s/robotomono/v31/L0xoDF4xlVMF-BfR8bXMIjhOsXG-q2oeuFoqFrmAB9W6Cpw.ttf]
[fonts.gstatic.com/s/robotomono/v31/L0xuDF4xlVMF-BfR8bXMIhJHg45mwgGEFl0_3vq_ROW9.ttf]
[fonts.googleapis.com/cssbe43.css]
[vectorbt.pro/pvt_41531c19/assets/stylesheets/extra.css]
[vectorbt.pro/pvt_41531c19/assets/stylesheets/custom-light.css]
[vectorbt.pro/pvt_41531c19/assets/stylesheets/custom-dark.css]
[vectorbt.pro/pvt_41531c19/assets/stylesheets/pygments-light.css]
[vectorbt.pro/pvt_41531c19/assets/stylesheets/pygments-dark.css]
[fonts.gstatic.com/s/robotomono/v31/L0xuDF4xlVMF-BfR8bXMIhJHg45mwgGEFl0_Of2_ROW9.ttf]
[vectorbt.pro/pvt_41531c19/features/analysis/index.html]
[vectorbt.pro/pvt_41531c19/features/productivity/index.html]
[vectorbt.pro/pvt_41531c19/tutorials/basic-rsi/index.html]
[vectorbt.pro/pvt_41531c19/tutorials/to-be-continued/index.html]
[vectorbt.pro/pvt_41531c19/tutorials/more-tutorials/index.html]
[vectorbt.pro/pvt_41531c19/documentation/fundamentals/index.html]
[vectorbt.pro/pvt_41531c19/tutorials/superfast-supertrend/index.html]
[vectorbt.pro/pvt_41531c19/documentation/to-be-continued/index.html]
[vectorbt.pro/pvt_41531c19/documentation/building-blocks/index.html]
[vectorbt.pro/pvt_41531c19/cookbook/arrays/index.html]
[vectorbt.pro/pvt_41531c19/documentation/portfolio/from-signals/index.html]
[vectorbt.pro/pvt_41531c19/cookbook/portfolio/index.html]
[vectorbt.pro/pvt_41531c19/cookbook/benchmarking/index.html]
[vectorbt.pro/pvt_41531c19/api/_opt_deps/index.html]
[vectorbt.pro/pvt_41531c19/cookbook/plotting/index.html]
[vectorbt.pro/pvt_41531c19/features/data/index.html]
[vectorbt.pro/pvt_41531c19/features/portfolio/index.html]
[vectorbt.pro/pvt_41531c19/tutorials/superfast-supertrend/index.html]
[vectorbt.pro/pvt_41531c19/api/_settings/index.html]
[vectorbt.pro/pvt_41531c19/tutorials/more-tutorials/index.html]
[vectorbt.pro/pvt_41531c19/tutorials/superfast-supertrend/streaming/index.html]
[vectorbt.pro/pvt_41531c19/documentation/building-blocks/index.html]
[vectorbt.pro/pvt_41531c19/tutorials/cross-validation/applications/index.html]
[vectorbt.pro/pvt_41531c19/documentation/portfolio/from-signals/index.html]
[vectorbt.pro/pvt_41531c19/documentation/data/index.html]
[vectorbt.pro/pvt_41531c19/cookbook/benchmarking/index.html]
[vectorbt.pro/pvt_41531c19/cookbook/caching/index.html]
[vectorbt.pro/pvt_41531c19/documentation/portfolio/from-orders/index.html]
[vectorbt.pro/pvt_41531c19/cookbook/plotting/index.html]
[vectorbt.pro/pvt_41531c19/api/_settings/index.html]
[vectorbt.pro/pvt_41531c19/cookbook/persistence/index.html]
[vectorbt.pro/pvt_41531c19/api/accessors/index.html]
[vectorbt.pro/pvt_41531c19/features/indicators/index.html]
[vectorbt.pro/pvt_41531c19/features/performance/index.html]
[vectorbt.pro/pvt_41531c19/tutorials/superfast-supertrend/streaming/index.html]
[vectorbt.pro/pvt_41531c19/tutorials/cross-validation/applications/index.html]
[vectorbt.pro/pvt_41531c19/tutorials/superfast-supertrend/multithreading/index.html]
[vectorbt.pro/pvt_41531c19/documentation/data/index.html]
[vectorbt.pro/pvt_41531c19/tutorials/cross-validation/splitter/index.html]
[vectorbt.pro/pvt_41531c19/documentation/portfolio/from-orders/index.html]
[vectorbt.pro/pvt_41531c19/documentation/data/local/index.html]
[vectorbt.pro/pvt_41531c19/cookbook/caching/index.html]
[vectorbt.pro/pvt_41531c19/documentation/portfolio/index.html]
[vectorbt.pro/pvt_41531c19/cookbook/compilation/index.html]
[vectorbt.pro/pvt_41531c19/cookbook/persistence/index.html]
[vectorbt.pro/pvt_41531c19/api/accessors/index.html]
[vectorbt.pro/pvt_41531c19/cookbook/optimization/index.html]
[vectorbt.pro/pvt_41531c19/api/mcp_server/index.html]
[vectorbt.pro/pvt_41531c19/features/intelligence/index.html]
[vectorbt.pro/pvt_41531c19/features/optimization/index.html]
[vectorbt.pro/pvt_41531c19/tutorials/superfast-supertrend/multithreading/index.html]
[vectorbt.pro/pvt_41531c19/tutorials/cross-validation/splitter/index.html]
[vectorbt.pro/pvt_41531c19/documentation/data/local/index.html]
[vectorbt.pro/pvt_41531c19/documentation/portfolio/index.html]
[vectorbt.pro/pvt_41531c19/tutorials/cross-validation/index.html]
[vectorbt.pro/pvt_41531c19/documentation/data/remote/index.html]
[vectorbt.pro/pvt_41531c19/cookbook/compilation/index.html]
[vectorbt.pro/pvt_41531c19/cookbook/optimization/index.html]
[vectorbt.pro/pvt_41531c19/cookbook/configuration/index.html]
[vectorbt.pro/pvt_41531c19/api/mcp_server/index.html]
[vectorbt.pro/pvt_41531c19/cookbook/knowledge/index.html]
[vectorbt.pro/pvt_41531c19/documentation/indicators/parsers/index.html]
[vectorbt.pro/pvt_41531c19/tutorials/superfast-supertrend/pipelines/index.html]
[vectorbt.pro/pvt_41531c19/tutorials/superfast-supertrend/pipelines/index.html]
[vectorbt.pro/pvt_41531c19/tutorials/cross-validation/index.html]
[vectorbt.pro/pvt_41531c19/documentation/data/remote/index.html]
[vectorbt.pro/pvt_41531c19/api/base/index.html]
[vectorbt.pro/pvt_41531c19/documentation/indicators/parsers/index.html]
[vectorbt.pro/pvt_41531c19/tutorials/patterns-and-projections/projections/index.html]
[vectorbt.pro/pvt_41531c19/cookbook/configuration/index.html]
[vectorbt.pro/pvt_41531c19/documentation/indicators/analysis/index.html]
[vectorbt.pro/pvt_41531c19/cookbook/knowledge/index.html]
[vectorbt.pro/pvt_41531c19/documentation/data/synthetic/index.html]
[vectorbt.pro/pvt_41531c19/cookbook/cross-validation/index.html]
[vectorbt.pro/pvt_41531c19/api/base/index.html]
[vectorbt.pro/pvt_41531c19/cookbook/indicators/index.html]
[vectorbt.pro/pvt_41531c19/tutorials/signal-development/generation/index.html]
[vectorbt.pro/pvt_41531c19/tutorials/signal-development/generation/index.html]
[vectorbt.pro/pvt_41531c19/tutorials/patterns-and-projections/projections/index.html]
[vectorbt.pro/pvt_41531c19/documentation/data/synthetic/index.html]
[vectorbt.pro/pvt_41531c19/api/base/accessors/index.html]
[vectorbt.pro/pvt_41531c19/documentation/indicators/analysis/index.html]
[vectorbt.pro/pvt_41531c19/tutorials/signal-development/pre-analysis/index.html]
[vectorbt.pro/pvt_41531c19/documentation/data/scheduling/index.html]
[vectorbt.pro/pvt_41531c19/tutorials/patterns-and-projections/patterns/index.html]
[vectorbt.pro/pvt_41531c19/cookbook/cross-validation/index.html]
[vectorbt.pro/pvt_41531c19/cookbook/indicators/index.html]
[vectorbt.pro/pvt_41531c19/api/base/accessors/index.html]
[vectorbt.pro/pvt_41531c19/documentation/indicators/development/index.html]
[vectorbt.pro/pvt_41531c19/cookbook/indexing/index.html]
[vectorbt.pro/pvt_41531c19/tutorials/signal-development/pre-analysis/index.html]
[vectorbt.pro/pvt_41531c19/cookbook/data/index.html]
[vectorbt.pro/pvt_41531c19/tutorials/patterns-and-projections/patterns/index.html]
[vectorbt.pro/pvt_41531c19/api/base/chunking/index.html]
[vectorbt.pro/pvt_41531c19/documentation/data/scheduling/index.html]
[vectorbt.pro/pvt_41531c19/documentation/indicators/development/index.html]
[vectorbt.pro/pvt_41531c19/cookbook/data/index.html]
[vectorbt.pro/pvt_41531c19/tutorials/stop-signals/index.html]
[vectorbt.pro/pvt_41531c19/cookbook/indexing/index.html]
[vectorbt.pro/pvt_41531c19/tutorials/pairs-trading/index.html]
[vectorbt.pro/pvt_41531c19/cookbook/datetime/index.html]
[vectorbt.pro/pvt_41531c19/documentation/indicators/index.html]
[vectorbt.pro/pvt_41531c19/api/base/chunking/index.html]
[vectorbt.pro/pvt_41531c19/tutorials/stop-signals/index.html]
[vectorbt.pro/pvt_41531c19/cookbook/discovery/index.html]
[vectorbt.pro/pvt_41531c19/tutorials/pairs-trading/index.html]
[vectorbt.pro/pvt_41531c19/documentation/indicators/index.html]
[vectorbt.pro/pvt_41531c19/tutorials/mtf-analysis/index.html]
[vectorbt.pro/pvt_41531c19/api/base/combining/index.html]
[vectorbt.pro/pvt_41531c19/cookbook/datetime/index.html]
[vectorbt.pro/pvt_41531c19/cookbook/discovery/index.html]
[vectorbt.pro/pvt_41531c19/api/base/combining/index.html]
[vectorbt.pro/pvt_41531c19/tutorials/mtf-analysis/index.html]
[vectorbt.pro/pvt_41531c19/tutorials/portfolio-optimization/dynamic/index.html]
[vectorbt.pro/pvt_41531c19/tutorials/portfolio-optimization/dynamic/index.html]
[vectorbt.pro/pvt_41531c19/api/base/decorators/index.html]
[vectorbt.pro/pvt_41531c19/api/base/decorators/index.html]
[vectorbt.pro/pvt_41531c19/tutorials/mtf-analysis/alignment/index.html]
[vectorbt.pro/pvt_41531c19/tutorials/mtf-analysis/alignment/index.html]
[vectorbt.pro/pvt_41531c19/api/base/flex_indexing/index.html]
[vectorbt.pro/pvt_41531c19/tutorials/portfolio-optimization/integrations/index.html]
[vectorbt.pro/pvt_41531c19/tutorials/portfolio-optimization/integrations/index.html]
[vectorbt.pro/pvt_41531c19/api/base/flex_indexing/index.html]
[vectorbt.pro/pvt_41531c19/tutorials/mtf-analysis/aggregation/index.html]
[vectorbt.pro/pvt_41531c19/tutorials/mtf-analysis/aggregation/index.html]
[vectorbt.pro/pvt_41531c19/tutorials/portfolio-optimization/index.html]
[vectorbt.pro/pvt_41531c19/tutorials/portfolio-optimization/index.html]
[vectorbt.pro/pvt_41531c19/api/base/indexes/index.html]
[vectorbt.pro/pvt_41531c19/api/base/indexes/index.html]
[vectorbt.pro/pvt_41531c19/api/base/indexing/index.html]
[vectorbt.pro/pvt_41531c19/api/base/indexing/index.html]
[vectorbt.pro/pvt_41531c19/api/base/merging/index.html]
[vectorbt.pro/pvt_41531c19/api/base/merging/index.html]
[vectorbt.pro/pvt_41531c19/api/base/preparing/index.html]
[vectorbt.pro/pvt_41531c19/api/base/preparing/index.html]
[vectorbt.pro/pvt_41531c19/api/base/reshaping/index.html]
[vectorbt.pro/pvt_41531c19/api/base/reshaping/index.html]
[vectorbt.pro/pvt_41531c19/api/base/wrapping/index.html]
[vectorbt.pro/pvt_41531c19/api/base/wrapping/index.html]
[vectorbt.pro/pvt_41531c19/api/base/grouping/index.html]
[vectorbt.pro/pvt_41531c19/api/base/grouping/index.html]
[vectorbt.pro/pvt_41531c19/api/base/grouping/base/index.html]
[vectorbt.pro/pvt_41531c19/api/base/grouping/base/index.html]
[vectorbt.pro/pvt_41531c19/api/base/grouping/nb/index.html]
[vectorbt.pro/pvt_41531c19/api/base/grouping/nb/index.html]
[vectorbt.pro/pvt_41531c19/api/base/resampling/index.html]
[vectorbt.pro/pvt_41531c19/api/base/resampling/index.html]
[vectorbt.pro/pvt_41531c19/api/base/resampling/base/index.html]
[vectorbt.pro/pvt_41531c19/api/base/resampling/base/index.html]
[vectorbt.pro/pvt_41531c19/api/base/resampling/nb/index.html]
[vectorbt.pro/pvt_41531c19/api/base/resampling/nb/index.html]
[vectorbt.pro/pvt_41531c19/api/data/index.html]
[vectorbt.pro/pvt_41531c19/api/data/index.html]
[vectorbt.pro/pvt_41531c19/api/data/base/index.html]
[vectorbt.pro/pvt_41531c19/api/data/base/index.html]
[vectorbt.pro/pvt_41531c19/api/data/decorators/index.html]
[vectorbt.pro/pvt_41531c19/api/data/decorators/index.html]
[vectorbt.pro/pvt_41531c19/api/data/nb/index.html]
[vectorbt.pro/pvt_41531c19/api/data/nb/index.html]
[vectorbt.pro/pvt_41531c19/api/data/saver/index.html]
[vectorbt.pro/pvt_41531c19/api/data/saver/index.html]
[vectorbt.pro/pvt_41531c19/api/data/updater/index.html]
[vectorbt.pro/pvt_41531c19/api/data/updater/index.html]
[vectorbt.pro/pvt_41531c19/api/data/custom/index.html]
[vectorbt.pro/pvt_41531c19/api/data/custom/index.html]
[vectorbt.pro/pvt_41531c19/api/data/custom/alpaca/index.html]
[vectorbt.pro/pvt_41531c19/api/data/custom/alpaca/index.html]
[vectorbt.pro/pvt_41531c19/api/data/custom/av/index.html]
[vectorbt.pro/pvt_41531c19/api/data/custom/av/index.html]
[vectorbt.pro/pvt_41531c19/api/data/custom/bento/index.html]
[vectorbt.pro/pvt_41531c19/api/data/custom/bento/index.html]
[vectorbt.pro/pvt_41531c19/api/data/custom/binance/index.html]
[vectorbt.pro/pvt_41531c19/api/data/custom/binance/index.html]
[vectorbt.pro/pvt_41531c19/api/data/custom/ccxt/index.html]
[vectorbt.pro/pvt_41531c19/api/data/custom/ccxt/index.html]
[vectorbt.pro/pvt_41531c19/api/data/custom/csv/index.html]
[vectorbt.pro/pvt_41531c19/api/data/custom/csv/index.html]
[vectorbt.pro/pvt_41531c19/api/data/custom/custom/index.html]
[vectorbt.pro/pvt_41531c19/api/data/custom/custom/index.html]
[vectorbt.pro/pvt_41531c19/api/data/custom/db/index.html]
[vectorbt.pro/pvt_41531c19/api/data/custom/db/index.html]
[vectorbt.pro/pvt_41531c19/api/data/custom/duckdb/index.html]
[vectorbt.pro/pvt_41531c19/api/data/custom/duckdb/index.html]
[vectorbt.pro/pvt_41531c19/api/data/custom/feather/index.html]
[vectorbt.pro/pvt_41531c19/api/data/custom/feather/index.html]
[vectorbt.pro/pvt_41531c19/api/data/custom/file/index.html]
[vectorbt.pro/pvt_41531c19/api/data/custom/file/index.html]
[vectorbt.pro/pvt_41531c19/api/data/custom/finpy/index.html]
[vectorbt.pro/pvt_41531c19/api/data/custom/finpy/index.html]
[vectorbt.pro/pvt_41531c19/api/data/custom/gbm/index.html]
[vectorbt.pro/pvt_41531c19/api/data/custom/gbm/index.html]
[vectorbt.pro/pvt_41531c19/api/data/custom/gbm_ohlc/index.html]
[vectorbt.pro/pvt_41531c19/api/data/custom/gbm_ohlc/index.html]
[vectorbt.pro/pvt_41531c19/api/data/custom/hdf/index.html]
[vectorbt.pro/pvt_41531c19/api/data/custom/hdf/index.html]
[vectorbt.pro/pvt_41531c19/api/data/custom/local/index.html]
[vectorbt.pro/pvt_41531c19/api/data/custom/local/index.html]
[vectorbt.pro/pvt_41531c19/api/data/custom/ndl/index.html]
[vectorbt.pro/pvt_41531c19/api/data/custom/ndl/index.html]
[vectorbt.pro/pvt_41531c19/api/data/custom/parquet/index.html]
[vectorbt.pro/pvt_41531c19/api/data/custom/parquet/index.html]
[vectorbt.pro/pvt_41531c19/api/data/custom/polygon/index.html]
[vectorbt.pro/pvt_41531c19/api/data/custom/polygon/index.html]
[vectorbt.pro/pvt_41531c19/api/data/custom/random/index.html]
[vectorbt.pro/pvt_41531c19/api/data/custom/random/index.html]
[vectorbt.pro/pvt_41531c19/api/data/custom/random_ohlc/index.html]
[vectorbt.pro/pvt_41531c19/api/data/custom/random_ohlc/index.html]
[vectorbt.pro/pvt_41531c19/api/data/custom/remote/index.html]
[vectorbt.pro/pvt_41531c19/api/data/custom/remote/index.html]
[vectorbt.pro/pvt_41531c19/api/data/custom/sql/index.html]
[vectorbt.pro/pvt_41531c19/api/data/custom/sql/index.html]
[vectorbt.pro/pvt_41531c19/api/data/custom/synthetic/index.html]
[vectorbt.pro/pvt_41531c19/api/data/custom/synthetic/index.html]
[vectorbt.pro/pvt_41531c19/api/data/custom/tv/index.html]
[vectorbt.pro/pvt_41531c19/api/data/custom/tv/index.html]
[vectorbt.pro/pvt_41531c19/api/data/custom/yf/index.html]
[vectorbt.pro/pvt_41531c19/api/data/custom/yf/index.html]
[vectorbt.pro/pvt_41531c19/api/generic/index.html]
[vectorbt.pro/pvt_41531c19/api/generic/index.html]
[vectorbt.pro/pvt_41531c19/api/generic/accessors/index.html]
[vectorbt.pro/pvt_41531c19/api/generic/accessors/index.html]
[vectorbt.pro/pvt_41531c19/api/generic/analyzable/index.html]
[vectorbt.pro/pvt_41531c19/api/generic/analyzable/index.html]
[vectorbt.pro/pvt_41531c19/api/generic/decorators/index.html]
[vectorbt.pro/pvt_41531c19/api/generic/decorators/index.html]
[vectorbt.pro/pvt_41531c19/api/generic/drawdowns/index.html]
[vectorbt.pro/pvt_41531c19/api/generic/drawdowns/index.html]
[vectorbt.pro/pvt_41531c19/api/generic/enums/index.html]
[vectorbt.pro/pvt_41531c19/api/generic/enums/index.html]
[vectorbt.pro/pvt_41531c19/api/generic/plots_builder/index.html]
[vectorbt.pro/pvt_41531c19/api/generic/plots_builder/index.html]
[vectorbt.pro/pvt_41531c19/api/generic/plotting/index.html]
[vectorbt.pro/pvt_41531c19/api/generic/plotting/index.html]
[vectorbt.pro/pvt_41531c19/api/generic/price_records/index.html]
[vectorbt.pro/pvt_41531c19/api/generic/price_records/index.html]
[vectorbt.pro/pvt_41531c19/api/generic/ranges/index.html]
[vectorbt.pro/pvt_41531c19/api/generic/ranges/index.html]
[vectorbt.pro/pvt_41531c19/api/generic/stats_builder/index.html]
[vectorbt.pro/pvt_41531c19/api/generic/stats_builder/index.html]
[vectorbt.pro/pvt_41531c19/api/generic/sim_range/index.html]
[vectorbt.pro/pvt_41531c19/api/generic/sim_range/index.html]
[vectorbt.pro/pvt_41531c19/api/generic/nb/index.html]
[vectorbt.pro/pvt_41531c19/api/generic/nb/index.html]
[vectorbt.pro/pvt_41531c19/api/generic/nb/apply_reduce/index.html]
[vectorbt.pro/pvt_41531c19/api/generic/nb/apply_reduce/index.html]
[vectorbt.pro/pvt_41531c19/api/generic/nb/base/index.html]
[vectorbt.pro/pvt_41531c19/api/generic/nb/base/index.html]
[vectorbt.pro/pvt_41531c19/api/generic/nb/iter_/index.html]
[vectorbt.pro/pvt_41531c19/api/generic/nb/iter_/index.html]
[vectorbt.pro/pvt_41531c19/api/generic/nb/patterns/index.html]
[vectorbt.pro/pvt_41531c19/api/generic/nb/patterns/index.html]
[vectorbt.pro/pvt_41531c19/api/generic/nb/records/index.html]
[vectorbt.pro/pvt_41531c19/api/generic/nb/records/index.html]
[vectorbt.pro/pvt_41531c19/api/generic/nb/rolling/index.html]
[vectorbt.pro/pvt_41531c19/api/generic/nb/rolling/index.html]
[vectorbt.pro/pvt_41531c19/api/generic/nb/sim_range/index.html]
[vectorbt.pro/pvt_41531c19/api/generic/nb/sim_range/index.html]
[vectorbt.pro/pvt_41531c19/api/generic/splitting/index.html]
[vectorbt.pro/pvt_41531c19/api/generic/splitting/index.html]
[vectorbt.pro/pvt_41531c19/api/generic/splitting/base/index.html]
[vectorbt.pro/pvt_41531c19/api/generic/splitting/base/index.html]
[vectorbt.pro/pvt_41531c19/api/generic/splitting/decorators/index.html]
[vectorbt.pro/pvt_41531c19/api/generic/splitting/decorators/index.html]
[vectorbt.pro/pvt_41531c19/api/generic/splitting/nb/index.html]
[vectorbt.pro/pvt_41531c19/api/generic/splitting/nb/index.html]
[vectorbt.pro/pvt_41531c19/api/generic/splitting/purged/index.html]
[vectorbt.pro/pvt_41531c19/api/generic/splitting/purged/index.html]
[vectorbt.pro/pvt_41531c19/api/generic/splitting/sklearn_/index.html]
[vectorbt.pro/pvt_41531c19/api/generic/splitting/sklearn_/index.html]
[vectorbt.pro/pvt_41531c19/api/indicators/index.html]
[vectorbt.pro/pvt_41531c19/api/indicators/index.html]
[vectorbt.pro/pvt_41531c19/api/indicators/configs/index.html]
[vectorbt.pro/pvt_41531c19/api/indicators/configs/index.html]
[vectorbt.pro/pvt_41531c19/api/indicators/enums/index.html]
[vectorbt.pro/pvt_41531c19/api/indicators/enums/index.html]
[vectorbt.pro/pvt_41531c19/api/indicators/expr/index.html]
[vectorbt.pro/pvt_41531c19/api/indicators/expr/index.html]
[vectorbt.pro/pvt_41531c19/api/indicators/factory/index.html]
[vectorbt.pro/pvt_41531c19/api/indicators/factory/index.html]
[vectorbt.pro/pvt_41531c19/api/indicators/nb/index.html]
[vectorbt.pro/pvt_41531c19/api/indicators/nb/index.html]
[vectorbt.pro/pvt_41531c19/api/indicators/talib_/index.html]
[vectorbt.pro/pvt_41531c19/api/indicators/talib_/index.html]
[vectorbt.pro/pvt_41531c19/api/indicators/custom/index.html]
[vectorbt.pro/pvt_41531c19/api/indicators/custom/index.html]
[vectorbt.pro/pvt_41531c19/api/indicators/custom/adx/index.html]
[vectorbt.pro/pvt_41531c19/api/indicators/custom/adx/index.html]
[vectorbt.pro/pvt_41531c19/api/indicators/custom/atr/index.html]
[vectorbt.pro/pvt_41531c19/api/indicators/custom/atr/index.html]
[vectorbt.pro/pvt_41531c19/api/indicators/custom/bbands/index.html]
[vectorbt.pro/pvt_41531c19/api/indicators/custom/bbands/index.html]
[vectorbt.pro/pvt_41531c19/api/indicators/custom/hurst/index.html]
[vectorbt.pro/pvt_41531c19/api/indicators/custom/hurst/index.html]
[vectorbt.pro/pvt_41531c19/api/indicators/custom/ma/index.html]
[vectorbt.pro/pvt_41531c19/api/indicators/custom/ma/index.html]
[vectorbt.pro/pvt_41531c19/api/indicators/custom/macd/index.html]
[vectorbt.pro/pvt_41531c19/api/indicators/custom/macd/index.html]
[vectorbt.pro/pvt_41531c19/api/indicators/custom/msd/index.html]
[vectorbt.pro/pvt_41531c19/api/indicators/custom/msd/index.html]
[vectorbt.pro/pvt_41531c19/api/indicators/custom/obv/index.html]
[vectorbt.pro/pvt_41531c19/api/indicators/custom/obv/index.html]
[vectorbt.pro/pvt_41531c19/api/indicators/custom/ols/index.html]
[vectorbt.pro/pvt_41531c19/api/indicators/custom/ols/index.html]
[vectorbt.pro/pvt_41531c19/api/indicators/custom/patsim/index.html]
[vectorbt.pro/pvt_41531c19/api/indicators/custom/patsim/index.html]
[vectorbt.pro/pvt_41531c19/api/indicators/custom/pivotinfo/index.html]
[vectorbt.pro/pvt_41531c19/api/indicators/custom/pivotinfo/index.html]
[vectorbt.pro/pvt_41531c19/api/indicators/custom/rsi/index.html]
[vectorbt.pro/pvt_41531c19/api/indicators/custom/rsi/index.html]
[vectorbt.pro/pvt_41531c19/api/indicators/custom/sigdet/index.html]
[vectorbt.pro/pvt_41531c19/api/indicators/custom/sigdet/index.html]
[vectorbt.pro/pvt_41531c19/api/indicators/custom/stoch/index.html]
[vectorbt.pro/pvt_41531c19/api/indicators/custom/stoch/index.html]
[vectorbt.pro/pvt_41531c19/api/indicators/custom/supertrend/index.html]
[vectorbt.pro/pvt_41531c19/api/indicators/custom/supertrend/index.html]
[vectorbt.pro/pvt_41531c19/api/indicators/custom/vwap/index.html]
[vectorbt.pro/pvt_41531c19/api/indicators/custom/vwap/index.html]
[vectorbt.pro/pvt_41531c19/api/knowledge/index.html]
[vectorbt.pro/pvt_41531c19/api/knowledge/index.html]
[vectorbt.pro/pvt_41531c19/api/knowledge/asset_pipelines/index.html]
[vectorbt.pro/pvt_41531c19/api/knowledge/asset_pipelines/index.html]
[vectorbt.pro/pvt_41531c19/api/knowledge/base_asset_funcs/index.html]
[vectorbt.pro/pvt_41531c19/api/knowledge/base_asset_funcs/index.html]
[vectorbt.pro/pvt_41531c19/api/knowledge/base_assets/index.html]
[vectorbt.pro/pvt_41531c19/api/knowledge/base_assets/index.html]
[vectorbt.pro/pvt_41531c19/api/knowledge/completions/index.html]
[vectorbt.pro/pvt_41531c19/api/knowledge/completions/index.html]
[vectorbt.pro/pvt_41531c19/api/knowledge/custom_asset_funcs/index.html]
[vectorbt.pro/pvt_41531c19/api/knowledge/custom_asset_funcs/index.html]
[vectorbt.pro/pvt_41531c19/api/knowledge/custom_assets/index.html]
[vectorbt.pro/pvt_41531c19/api/knowledge/custom_assets/index.html]
[vectorbt.pro/pvt_41531c19/api/knowledge/doc_ranking/index.html]
[vectorbt.pro/pvt_41531c19/api/knowledge/doc_ranking/index.html]
[vectorbt.pro/pvt_41531c19/api/knowledge/doc_storing/index.html]
[vectorbt.pro/pvt_41531c19/api/knowledge/doc_storing/index.html]
[vectorbt.pro/pvt_41531c19/api/knowledge/embeddings/index.html]
[vectorbt.pro/pvt_41531c19/api/knowledge/embeddings/index.html]
[vectorbt.pro/pvt_41531c19/api/knowledge/formatting/index.html]
[vectorbt.pro/pvt_41531c19/api/knowledge/formatting/index.html]
[vectorbt.pro/pvt_41531c19/api/knowledge/text_splitting/index.html]
[vectorbt.pro/pvt_41531c19/api/knowledge/text_splitting/index.html]
[vectorbt.pro/pvt_41531c19/api/knowledge/tokenization/index.html]
[vectorbt.pro/pvt_41531c19/api/knowledge/tokenization/index.html]
[vectorbt.pro/pvt_41531c19/api/labels/index.html]
[vectorbt.pro/pvt_41531c19/api/labels/index.html]
[vectorbt.pro/pvt_41531c19/api/labels/enums/index.html]
[vectorbt.pro/pvt_41531c19/api/labels/enums/index.html]
[vectorbt.pro/pvt_41531c19/api/labels/nb/index.html]
[vectorbt.pro/pvt_41531c19/api/labels/nb/index.html]
[vectorbt.pro/pvt_41531c19/api/labels/generators/index.html]
[vectorbt.pro/pvt_41531c19/api/labels/generators/index.html]
[vectorbt.pro/pvt_41531c19/api/labels/generators/bolb/index.html]
[vectorbt.pro/pvt_41531c19/api/labels/generators/bolb/index.html]
[vectorbt.pro/pvt_41531c19/api/labels/generators/fixlb/index.html]
[vectorbt.pro/pvt_41531c19/api/labels/generators/fixlb/index.html]
[vectorbt.pro/pvt_41531c19/api/labels/generators/fmax/index.html]
[vectorbt.pro/pvt_41531c19/api/labels/generators/fmax/index.html]
[vectorbt.pro/pvt_41531c19/api/labels/generators/fmean/index.html]
[vectorbt.pro/pvt_41531c19/api/labels/generators/fmean/index.html]
[vectorbt.pro/pvt_41531c19/api/labels/generators/fmin/index.html]
[vectorbt.pro/pvt_41531c19/api/labels/generators/fmin/index.html]
[vectorbt.pro/pvt_41531c19/api/labels/generators/fstd/index.html]
[vectorbt.pro/pvt_41531c19/api/labels/generators/fstd/index.html]
[vectorbt.pro/pvt_41531c19/api/labels/generators/pivotlb/index.html]
[vectorbt.pro/pvt_41531c19/api/labels/generators/pivotlb/index.html]
[vectorbt.pro/pvt_41531c19/api/labels/generators/meanlb/index.html]
[vectorbt.pro/pvt_41531c19/api/labels/generators/meanlb/index.html]
[vectorbt.pro/pvt_41531c19/api/labels/generators/trendlb/index.html]
[vectorbt.pro/pvt_41531c19/api/labels/generators/trendlb/index.html]
[vectorbt.pro/pvt_41531c19/api/ohlcv/index.html]
[vectorbt.pro/pvt_41531c19/api/ohlcv/index.html]
[vectorbt.pro/pvt_41531c19/api/ohlcv/accessors/index.html]
[vectorbt.pro/pvt_41531c19/api/ohlcv/accessors/index.html]
[vectorbt.pro/pvt_41531c19/api/ohlcv/enums/index.html]
[vectorbt.pro/pvt_41531c19/api/ohlcv/enums/index.html]
[vectorbt.pro/pvt_41531c19/api/ohlcv/nb/index.html]
[vectorbt.pro/pvt_41531c19/api/ohlcv/nb/index.html]
[vectorbt.pro/pvt_41531c19/api/portfolio/index.html]
[vectorbt.pro/pvt_41531c19/api/portfolio/index.html]
[vectorbt.pro/pvt_41531c19/api/portfolio/base/index.html]
[vectorbt.pro/pvt_41531c19/api/portfolio/base/index.html]
[vectorbt.pro/pvt_41531c19/api/portfolio/call_seq/index.html]
[vectorbt.pro/pvt_41531c19/api/portfolio/call_seq/index.html]
[vectorbt.pro/pvt_41531c19/api/portfolio/chunking/index.html]
[vectorbt.pro/pvt_41531c19/api/portfolio/chunking/index.html]
[vectorbt.pro/pvt_41531c19/api/portfolio/decorators/index.html]
[vectorbt.pro/pvt_41531c19/api/portfolio/decorators/index.html]
[vectorbt.pro/pvt_41531c19/api/portfolio/enums/index.html]
[vectorbt.pro/pvt_41531c19/api/portfolio/enums/index.html]
[vectorbt.pro/pvt_41531c19/api/portfolio/logs/index.html]
[vectorbt.pro/pvt_41531c19/api/portfolio/logs/index.html]
[vectorbt.pro/pvt_41531c19/api/portfolio/orders/index.html]
[vectorbt.pro/pvt_41531c19/api/portfolio/orders/index.html]
[vectorbt.pro/pvt_41531c19/api/portfolio/preparing/index.html]
[vectorbt.pro/pvt_41531c19/api/portfolio/preparing/index.html]
[vectorbt.pro/pvt_41531c19/api/portfolio/trades/index.html]
[vectorbt.pro/pvt_41531c19/api/portfolio/trades/index.html]
[vectorbt.pro/pvt_41531c19/api/portfolio/nb/index.html]
[vectorbt.pro/pvt_41531c19/api/portfolio/nb/index.html]
[vectorbt.pro/pvt_41531c19/api/portfolio/nb/analysis/index.html]
[vectorbt.pro/pvt_41531c19/api/portfolio/nb/analysis/index.html]
[vectorbt.pro/pvt_41531c19/api/portfolio/nb/core/index.html]
[vectorbt.pro/pvt_41531c19/api/portfolio/nb/core/index.html]
[vectorbt.pro/pvt_41531c19/api/portfolio/nb/ctx_helpers/index.html]
[vectorbt.pro/pvt_41531c19/api/portfolio/nb/ctx_helpers/index.html]
[vectorbt.pro/pvt_41531c19/api/portfolio/nb/from_order_func/index.html]
[vectorbt.pro/pvt_41531c19/api/portfolio/nb/from_order_func/index.html]
[vectorbt.pro/pvt_41531c19/api/portfolio/nb/from_orders/index.html]
[vectorbt.pro/pvt_41531c19/api/portfolio/nb/from_orders/index.html]
[vectorbt.pro/pvt_41531c19/api/portfolio/nb/from_signals/index.html]
[vectorbt.pro/pvt_41531c19/api/portfolio/nb/from_signals/index.html]
[vectorbt.pro/pvt_41531c19/api/portfolio/nb/iter_/index.html]
[vectorbt.pro/pvt_41531c19/api/portfolio/nb/iter_/index.html]
[vectorbt.pro/pvt_41531c19/api/portfolio/nb/records/index.html]
[vectorbt.pro/pvt_41531c19/api/portfolio/nb/records/index.html]
[vectorbt.pro/pvt_41531c19/api/portfolio/pfopt/index.html]
[vectorbt.pro/pvt_41531c19/api/portfolio/pfopt/index.html]
[vectorbt.pro/pvt_41531c19/api/portfolio/pfopt/base/index.html]
[vectorbt.pro/pvt_41531c19/api/portfolio/pfopt/base/index.html]
[vectorbt.pro/pvt_41531c19/api/portfolio/pfopt/nb/index.html]
[vectorbt.pro/pvt_41531c19/api/portfolio/pfopt/nb/index.html]
[vectorbt.pro/pvt_41531c19/api/portfolio/pfopt/records/index.html]
[vectorbt.pro/pvt_41531c19/api/portfolio/pfopt/records/index.html]
[vectorbt.pro/pvt_41531c19/api/px/index.html]
[vectorbt.pro/pvt_41531c19/api/px/index.html]
[vectorbt.pro/pvt_41531c19/api/px/accessors/index.html]
[vectorbt.pro/pvt_41531c19/api/px/accessors/index.html]
[vectorbt.pro/pvt_41531c19/api/px/decorators/index.html]
[vectorbt.pro/pvt_41531c19/api/px/decorators/index.html]
[vectorbt.pro/pvt_41531c19/api/records/index.html]
[vectorbt.pro/pvt_41531c19/api/records/index.html]
[vectorbt.pro/pvt_41531c19/api/records/base/index.html]
[vectorbt.pro/pvt_41531c19/api/records/base/index.html]
[vectorbt.pro/pvt_41531c19/api/records/chunking/index.html]
[vectorbt.pro/pvt_41531c19/api/records/chunking/index.html]
[vectorbt.pro/pvt_41531c19/api/records/col_mapper/index.html]
[vectorbt.pro/pvt_41531c19/api/records/col_mapper/index.html]
[vectorbt.pro/pvt_41531c19/api/records/decorators/index.html]
[vectorbt.pro/pvt_41531c19/api/records/decorators/index.html]
[vectorbt.pro/pvt_41531c19/api/records/mapped_array/index.html]
[vectorbt.pro/pvt_41531c19/api/records/mapped_array/index.html]
[vectorbt.pro/pvt_41531c19/api/records/nb/index.html]
[vectorbt.pro/pvt_41531c19/api/records/nb/index.html]
[vectorbt.pro/pvt_41531c19/api/registries/index.html]
[vectorbt.pro/pvt_41531c19/api/registries/index.html]
[vectorbt.pro/pvt_41531c19/api/registries/ca_registry/index.html]
[vectorbt.pro/pvt_41531c19/api/registries/ca_registry/index.html]
[vectorbt.pro/pvt_41531c19/api/registries/ch_registry/index.html]
[vectorbt.pro/pvt_41531c19/api/registries/ch_registry/index.html]
[vectorbt.pro/pvt_41531c19/api/registries/jit_registry/index.html]
[vectorbt.pro/pvt_41531c19/api/registries/jit_registry/index.html]
[vectorbt.pro/pvt_41531c19/api/registries/pbar_registry/index.html]
[vectorbt.pro/pvt_41531c19/api/registries/pbar_registry/index.html]
[vectorbt.pro/pvt_41531c19/api/returns/index.html]
[vectorbt.pro/pvt_41531c19/api/returns/index.html]
[vectorbt.pro/pvt_41531c19/api/returns/accessors/index.html]
[vectorbt.pro/pvt_41531c19/api/returns/accessors/index.html]
[vectorbt.pro/pvt_41531c19/api/returns/enums/index.html]
[vectorbt.pro/pvt_41531c19/api/returns/enums/index.html]
[vectorbt.pro/pvt_41531c19/api/returns/nb/index.html]
[vectorbt.pro/pvt_41531c19/api/returns/nb/index.html]
[vectorbt.pro/pvt_41531c19/api/returns/qs_adapter/index.html]
[vectorbt.pro/pvt_41531c19/api/returns/qs_adapter/index.html]
[vectorbt.pro/pvt_41531c19/api/signals/index.html]
[vectorbt.pro/pvt_41531c19/api/signals/index.html]
[vectorbt.pro/pvt_41531c19/api/signals/accessors/index.html]
[vectorbt.pro/pvt_41531c19/api/signals/accessors/index.html]
[vectorbt.pro/pvt_41531c19/api/signals/enums/index.html]
[vectorbt.pro/pvt_41531c19/api/signals/enums/index.html]
[vectorbt.pro/pvt_41531c19/api/signals/factory/index.html]
[vectorbt.pro/pvt_41531c19/api/signals/factory/index.html]
[vectorbt.pro/pvt_41531c19/api/signals/nb/index.html]
[vectorbt.pro/pvt_41531c19/api/signals/nb/index.html]
[vectorbt.pro/pvt_41531c19/api/signals/generators/index.html]
[vectorbt.pro/pvt_41531c19/api/signals/generators/index.html]
[vectorbt.pro/pvt_41531c19/api/signals/generators/ohlcstcx/index.html]
[vectorbt.pro/pvt_41531c19/api/signals/generators/ohlcstcx/index.html]
[vectorbt.pro/pvt_41531c19/api/signals/generators/ohlcstx/index.html]
[vectorbt.pro/pvt_41531c19/api/signals/generators/ohlcstx/index.html]
[vectorbt.pro/pvt_41531c19/api/signals/generators/rand/index.html]
[vectorbt.pro/pvt_41531c19/api/signals/generators/rand/index.html]
[vectorbt.pro/pvt_41531c19/api/signals/generators/randnx/index.html]
[vectorbt.pro/pvt_41531c19/api/signals/generators/randnx/index.html]
[vectorbt.pro/pvt_41531c19/api/signals/generators/randx/index.html]
[vectorbt.pro/pvt_41531c19/api/signals/generators/randx/index.html]
[vectorbt.pro/pvt_41531c19/api/signals/generators/rprob/index.html]
[vectorbt.pro/pvt_41531c19/api/signals/generators/rprob/index.html]
[vectorbt.pro/pvt_41531c19/api/signals/generators/rprobcx/index.html]
[vectorbt.pro/pvt_41531c19/api/signals/generators/rprobcx/index.html]
[vectorbt.pro/pvt_41531c19/api/signals/generators/rprobnx/index.html]
[vectorbt.pro/pvt_41531c19/api/signals/generators/rprobnx/index.html]
[vectorbt.pro/pvt_41531c19/api/signals/generators/rprobx/index.html]
[vectorbt.pro/pvt_41531c19/api/signals/generators/rprobx/index.html]
[vectorbt.pro/pvt_41531c19/api/signals/generators/stcx/index.html]
[vectorbt.pro/pvt_41531c19/api/signals/generators/stcx/index.html]
[vectorbt.pro/pvt_41531c19/api/signals/generators/stx/index.html]
[vectorbt.pro/pvt_41531c19/api/signals/generators/stx/index.html]
[vectorbt.pro/pvt_41531c19/api/utils/index.html]
[vectorbt.pro/pvt_41531c19/api/utils/index.html]
[vectorbt.pro/pvt_41531c19/api/utils/annotations/index.html]
[vectorbt.pro/pvt_41531c19/api/utils/annotations/index.html]
[vectorbt.pro/pvt_41531c19/api/utils/array_/index.html]
[vectorbt.pro/pvt_41531c19/api/utils/array_/index.html]
[vectorbt.pro/pvt_41531c19/api/utils/attr_/index.html]
[vectorbt.pro/pvt_41531c19/api/utils/attr_/index.html]
[vectorbt.pro/pvt_41531c19/api/utils/base/index.html]
[vectorbt.pro/pvt_41531c19/api/utils/base/index.html]
[vectorbt.pro/pvt_41531c19/api/utils/caching/index.html]
[vectorbt.pro/pvt_41531c19/api/utils/caching/index.html]
[vectorbt.pro/pvt_41531c19/api/utils/chaining/index.html]
[vectorbt.pro/pvt_41531c19/api/utils/chaining/index.html]
[vectorbt.pro/pvt_41531c19/api/utils/checks/index.html]
[vectorbt.pro/pvt_41531c19/api/utils/checks/index.html]
[vectorbt.pro/pvt_41531c19/api/utils/chunking/index.html]
[vectorbt.pro/pvt_41531c19/api/utils/chunking/index.html]
[vectorbt.pro/pvt_41531c19/api/utils/colors/index.html]
[vectorbt.pro/pvt_41531c19/api/utils/colors/index.html]
[vectorbt.pro/pvt_41531c19/api/utils/config/index.html]
[vectorbt.pro/pvt_41531c19/api/utils/config/index.html]
[vectorbt.pro/pvt_41531c19/api/utils/datetime_/index.html]
[vectorbt.pro/pvt_41531c19/api/utils/datetime_/index.html]
[vectorbt.pro/pvt_41531c19/api/utils/datetime_nb/index.html]
[vectorbt.pro/pvt_41531c19/api/utils/datetime_nb/index.html]
[vectorbt.pro/pvt_41531c19/api/utils/decorators/index.html]
[vectorbt.pro/pvt_41531c19/api/utils/decorators/index.html]
[vectorbt.pro/pvt_41531c19/api/utils/enum_/index.html]
[vectorbt.pro/pvt_41531c19/api/utils/enum_/index.html]
[vectorbt.pro/pvt_41531c19/api/utils/eval_/index.html]
[vectorbt.pro/pvt_41531c19/api/utils/eval_/index.html]
[vectorbt.pro/pvt_41531c19/api/utils/execution/index.html]
[vectorbt.pro/pvt_41531c19/api/utils/execution/index.html]
[vectorbt.pro/pvt_41531c19/api/utils/figure/index.html]
[vectorbt.pro/pvt_41531c19/api/utils/figure/index.html]
[vectorbt.pro/pvt_41531c19/api/utils/formatting/index.html]
[vectorbt.pro/pvt_41531c19/api/utils/formatting/index.html]
[vectorbt.pro/pvt_41531c19/api/utils/hashing/index.html]
[vectorbt.pro/pvt_41531c19/api/utils/hashing/index.html]
[vectorbt.pro/pvt_41531c19/api/utils/image_/index.html]
[vectorbt.pro/pvt_41531c19/api/utils/image_/index.html]
[vectorbt.pro/pvt_41531c19/api/utils/jitting/index.html]
[vectorbt.pro/pvt_41531c19/api/utils/jitting/index.html]
[vectorbt.pro/pvt_41531c19/api/utils/magic_decorators/index.html]
[vectorbt.pro/pvt_41531c19/api/utils/magic_decorators/index.html]
[vectorbt.pro/pvt_41531c19/api/utils/mapping/index.html]
[vectorbt.pro/pvt_41531c19/api/utils/mapping/index.html]
[vectorbt.pro/pvt_41531c19/api/utils/math_/index.html]
[vectorbt.pro/pvt_41531c19/api/utils/math_/index.html]
[vectorbt.pro/pvt_41531c19/api/utils/merging/index.html]
[vectorbt.pro/pvt_41531c19/api/utils/merging/index.html]
[vectorbt.pro/pvt_41531c19/api/utils/module_/index.html]
[vectorbt.pro/pvt_41531c19/api/utils/module_/index.html]
[vectorbt.pro/pvt_41531c19/api/utils/path_/index.html]
[vectorbt.pro/pvt_41531c19/api/utils/path_/index.html]
[vectorbt.pro/pvt_41531c19/api/utils/params/index.html]
[vectorbt.pro/pvt_41531c19/api/utils/params/index.html]
[vectorbt.pro/pvt_41531c19/api/utils/parsing/index.html]
[vectorbt.pro/pvt_41531c19/api/utils/parsing/index.html]
[vectorbt.pro/pvt_41531c19/api/utils/pbar/index.html]
[vectorbt.pro/pvt_41531c19/api/utils/pbar/index.html]
[vectorbt.pro/pvt_41531c19/api/utils/pickling/index.html]
[vectorbt.pro/pvt_41531c19/api/utils/pickling/index.html]
[vectorbt.pro/pvt_41531c19/api/utils/profiling/index.html]
[vectorbt.pro/pvt_41531c19/api/utils/profiling/index.html]
[vectorbt.pro/pvt_41531c19/api/utils/random_/index.html]
[vectorbt.pro/pvt_41531c19/api/utils/random_/index.html]
[vectorbt.pro/pvt_41531c19/api/utils/requests_/index.html]
[vectorbt.pro/pvt_41531c19/api/utils/requests_/index.html]
[vectorbt.pro/pvt_41531c19/api/utils/schedule_/index.html]
[vectorbt.pro/pvt_41531c19/api/utils/schedule_/index.html]
[vectorbt.pro/pvt_41531c19/api/utils/search_/index.html]
[vectorbt.pro/pvt_41531c19/api/utils/search_/index.html]
[vectorbt.pro/pvt_41531c19/api/utils/selection/index.html]
[vectorbt.pro/pvt_41531c19/api/utils/selection/index.html]
[vectorbt.pro/pvt_41531c19/api/utils/source/index.html]
[vectorbt.pro/pvt_41531c19/api/utils/source/index.html]
[vectorbt.pro/pvt_41531c19/api/utils/tagging/index.html]
[vectorbt.pro/pvt_41531c19/api/utils/tagging/index.html]
[vectorbt.pro/pvt_41531c19/api/utils/telegram/index.html]
[vectorbt.pro/pvt_41531c19/api/utils/telegram/index.html]
[vectorbt.pro/pvt_41531c19/api/utils/template/index.html]
[vectorbt.pro/pvt_41531c19/api/utils/template/index.html]
[vectorbt.pro/pvt_41531c19/api/utils/warnings_/index.html]
[vectorbt.pro/pvt_41531c19/api/utils/warnings_/index.html]
