[vectorbt.pro/pvt_41531c19/features/index.html]
[backblue.gif]
[fade.gif]
[index.html]
[vectorbt.pro/pvt_41531c19/features/index.html]
[vectorbt.pro/pvt_41531c19/features/overview/index.html]
[vectorbt.pro/pvt_41531c19/features/analysis/index.html]
[vectorbt.pro/pvt_41531c19/features/analysis/index.html]
[vectorbt.pro/pvt_41531c19/assets/logo/favicon.png]
[vectorbt.pro/pvt_41531c19/assets/stylesheets/main.010a373c.min.css]
[vectorbt.pro/pvt_41531c19/assets/stylesheets/palette.ab4e12ef.min.css]
[vectorbt.pro/pvt_41531c19/assets/stylesheets/extra.css]
[vectorbt.pro/pvt_41531c19/assets/stylesheets/custom-light.css]
[vectorbt.pro/pvt_41531c19/assets/stylesheets/custom-dark.css]
[vectorbt.pro/pvt_41531c19/assets/stylesheets/pygments-light.css]
[vectorbt.pro/pvt_41531c19/assets/stylesheets/pygments-dark.css]
[vectorbt.pro/pvt_41531c19/features/data/index.html]
[vectorbt.pro/pvt_41531c19/features/data/index.html]
[vectorbt.pro/pvt_41531c19/features/indicators/index.html]
[vectorbt.pro/pvt_41531c19/features/indicators/index.html]
[vectorbt.pro/pvt_41531c19/features/intelligence/index.html]
[vectorbt.pro/pvt_41531c19/features/intelligence/index.html]
[vectorbt.pro/pvt_41531c19/features/optimization/index.html]
[vectorbt.pro/pvt_41531c19/features/optimization/index.html]
[vectorbt.pro/pvt_41531c19/features/performance/index.html]
[vectorbt.pro/pvt_41531c19/features/performance/index.html]
[vectorbt.pro/pvt_41531c19/features/portfolio/index.html]
[vectorbt.pro/pvt_41531c19/features/portfolio/index.html]
[vectorbt.pro/pvt_41531c19/features/productivity/index.html]
[vectorbt.pro/pvt_41531c19/features/productivity/index.html]
